// Jest Snapshot v1, https://goo.gl/fbAQLP

exports[`createGammaTable works 1`] = `
Array [
  0,
  0,
  0,
]
`;
